
> Configure project :app
WARNING: The option setting 'android.disallowKotlinSourceSets=false' is experimental.
The current default is 'true'.

> Task :app:preBuild UP-TO-DATE
> Task :app:preDebugBuild UP-TO-DATE
> Task :app:generateDebugBuildConfig UP-TO-DATE
> Task :app:generateDebugResources UP-TO-DATE
> Task :app:packageDebugResources UP-TO-DATE
> Task :app:processDebugNavigationResources UP-TO-DATE
> Task :app:parseDebugLocalResources UP-TO-DATE
> Task :app:generateDebugRFile UP-TO-DATE
> Task :app:kspDebugKotlin UP-TO-DATE

> Task :app:compileDebugKotlin FAILED
.\gradlew.bat : e: file:///D:/Ghichuchitieu/app/src/main/java/com/notepay/data/backup/DataExporter.kt:67:79 Unresolved 
reference 'iconId'.
At line:1 char:1
+ .\gradlew.bat compileDebugKotlin 2>&1 | Out-File -FilePath "build_err ...
+ ~~~~~~~~~~~~~~~~~~~~~~~~~~~~~~~~~~~~~
    + CategoryInfo          : NotSpecified: (e: file:///D:/G...rence 'iconId'.:String) [], RemoteException
    + FullyQualifiedErrorId : NativeCommandError
 
e: file:///D:/Ghichuchitieu/app/src/main/java/com/notepay/data/backup/DataImporter.kt:54:22 Unresolved reference 
'deleteAll'.
e: file:///D:/Ghichuchitieu/app/src/main/java/com/notepay/data/backup/DataImporter.kt:55:24 Unresolved reference 
'deleteAll'.
e: file:///D:/Ghichuchitieu/app/src/main/java/com/notepay/data/backup/DataImporter.kt:56:25 Unresolved reference 
'deleteAll'.
e: file:///D:/Ghichuchitieu/app/src/main/java/com/notepay/data/backup/DataImporter.kt:57:19 Unresolved reference 
'deleteAll'.
e: file:///D:/Ghichuchitieu/app/src/main/java/com/notepay/data/backup/DataImporter.kt:146:21 No parameter with name 
'iconId' found.
e: file:///D:/Ghichuchitieu/app/src/main/java/com/notepay/data/backup/DataImporter.kt:147:21 No parameter with name 
'type' found.
e: file:///D:/Ghichuchitieu/app/src/main/java/com/notepay/ui/component/BalanceCard.kt:67:33 Unresolved reference 
'corner24'.
e: file:///D:/Ghichuchitieu/app/src/main/java/com/notepay/ui/component/BalanceCard.kt:133:47 Unresolved reference 
'corner8'.
e: file:///D:/Ghichuchitieu/app/src/main/java/com/notepay/ui/component/BalanceCard.kt:203:47 Unresolved reference 
'corner8'.
e: file:///D:/Ghichuchitieu/app/src/main/java/com/notepay/ui/component/DayDetailDialog.kt:133:53 Unresolved reference 
'corner12'.
e: file:///D:/Ghichuchitieu/app/src/main/java/com/notepay/ui/component/DayDetailDialog.kt:144:63 Unresolved reference 
'circle'.
e: file:///D:/Ghichuchitieu/app/src/main/java/com/notepay/ui/component/LiquidButton.kt:22:12 Unresolved reference 
'kyant'.
e: file:///D:/Ghichuchitieu/app/src/main/java/com/notepay/ui/component/LiquidButton.kt:23:12 Unresolved reference 
'kyant'.
e: file:///D:/Ghichuchitieu/app/src/main/java/com/notepay/ui/component/LiquidButton.kt:24:12 Unresolved reference 
'kyant'.
e: file:///D:/Ghichuchitieu/app/src/main/java/com/notepay/ui/component/LiquidButton.kt:25:12 Unresolved reference 
'kyant'.
e: file:///D:/Ghichuchitieu/app/src/main/java/com/notepay/ui/component/LiquidButton.kt:26:12 Unresolved reference 
'kyant'.
e: file:///D:/Ghichuchitieu/app/src/main/java/com/notepay/ui/component/LiquidButton.kt:47:20 Unresolved reference 
'rememberLayerBackdrop'.
e: file:///D:/Ghichuchitieu/app/src/main/java/com/notepay/ui/component/LiquidButton.kt:56:14 Unresolved reference 
'drawBackdrop'.
e: file:///D:/Ghichuchitieu/app/src/main/java/com/notepay/ui/component/LiquidButton.kt:60:21 Unresolved reference 
'vibrancy'.
e: file:///D:/Ghichuchitieu/app/src/main/java/com/notepay/ui/component/LiquidButton.kt:61:21 Unresolved reference 
'blur'.
e: file:///D:/Ghichuchitieu/app/src/main/java/com/notepay/ui/component/LiquidButton.kt:61:32 Unresolved reference 
'toPx'.
e: file:///D:/Ghichuchitieu/app/src/main/java/com/notepay/ui/component/LiquidButton.kt:62:21 Unresolved reference 
'lens'.
e: file:///D:/Ghichuchitieu/app/src/main/java/com/notepay/ui/component/LiquidButton.kt:62:33 Unresolved reference 
'toPx'.
e: file:///D:/Ghichuchitieu/app/src/main/java/com/notepay/ui/component/LiquidButton.kt:62:48 Unresolved reference 
'toPx'.
e: file:///D:/Ghichuchitieu/app/src/main/java/com/notepay/ui/component/LiquidButton.kt:66:37 Unresolved reference 
'size'.
e: file:///D:/Ghichuchitieu/app/src/main/java/com/notepay/ui/component/LiquidButton.kt:67:38 Unresolved reference 
'size'.
e: file:///D:/Ghichuchitieu/app/src/main/java/com/notepay/ui/component/LiquidButton.kt:69:57 Unresolved reference 
'toPx'.
e: file:///D:/Ghichuchitieu/app/src/main/java/com/notepay/ui/component/LiquidButton.kt:69:66 Unresolved reference 
'size'.
e: file:///D:/Ghichuchitieu/app/src/main/java/com/notepay/ui/component/LiquidButton.kt:70:41 Unresolved reference 
'size'.
e: file:///D:/Ghichuchitieu/app/src/main/java/com/notepay/ui/component/LiquidButton.kt:73:25 Unresolved reference 
'translationX'.
e: file:///D:/Ghichuchitieu/app/src/main/java/com/notepay/ui/component/LiquidButton.kt:74:25 Unresolved reference 
'translationY'.
e: file:///D:/Ghichuchitieu/app/src/main/java/com/notepay/ui/component/LiquidButton.kt:75:50 Unresolved reference 
'toPx'.
e: file:///D:/Ghichuchitieu/app/src/main/java/com/notepay/ui/component/LiquidButton.kt:75:59 Unresolved reference 
'size'.
e: file:///D:/Ghichuchitieu/app/src/main/java/com/notepay/ui/component/LiquidButton.kt:77:25 Unresolved reference 
'scaleX'.
e: file:///D:/Ghichuchitieu/app/src/main/java/com/notepay/ui/component/LiquidButton.kt:77:91 Unresolved reference 
'size'.
e: file:///D:/Ghichuchitieu/app/src/main/java/com/notepay/ui/component/LiquidButton.kt:78:25 Unresolved reference 
'scaleY'.
e: file:///D:/Ghichuchitieu/app/src/main/java/com/notepay/ui/component/LiquidButton.kt:78:91 Unresolved reference 
'size'.
e: file:///D:/Ghichuchitieu/app/src/main/java/com/notepay/ui/component/LiquidButton.kt:84:35 Unresolved reference 
'drawRect'.
e: file:///D:/Ghichuchitieu/app/src/main/java/com/notepay/ui/component/LiquidButton.kt:86:25 Unresolved reference 
'drawRect'.
e: file:///D:/Ghichuchitieu/app/src/main/java/com/notepay/ui/component/LiquidButton.kt:87:25 Unresolved reference 
'drawRect'.
e: file:///D:/Ghichuchitieu/app/src/main/java/com/notepay/ui/component/LiquidButton.kt:89:51 Unresolved reference 
'drawRect'.
e: file:///D:/Ghichuchitieu/app/src/main/java/com/notepay/ui/component/MonthlyCalendarView.kt:217:98 Unresolved 
reference 'circle'.
e: file:///D:/Ghichuchitieu/app/src/main/java/com/notepay/ui/component/MonthlyCalendarView.kt:218:99 Unresolved 
reference 'circle'.
e: file:///D:/Ghichuchitieu/app/src/main/java/com/notepay/ui/component/MonthlyCalendarView.kt:250:95 Unresolved 
reference 'circle'.
e: file:///D:/Ghichuchitieu/app/src/main/java/com/notepay/ui/component/MonthlyCalendarView.kt:273:53 Unresolved 
reference 'circle'.
e: file:///D:/Ghichuchitieu/app/src/main/java/com/notepay/ui/component/MonthlyCalendarView.kt:290:110 Unresolved 
reference 'circle'.
e: file:///D:/Ghichuchitieu/app/src/main/java/com/notepay/ui/component/MonthlyCalendarView.kt:297:112 Unresolved 
reference 'circle'.
e: file:///D:/Ghichuchitieu/app/src/main/java/com/notepay/ui/component/ShimmerTransactionItem.kt:18:42 Unresolved 
reference 'AppTheme'.
e: file:///D:/Ghichuchitieu/app/src/main/java/com/notepay/ui/component/ShimmerTransactionItem.kt:58:33 Unresolved 
reference 'corner16'.
e: file:///D:/Ghichuchitieu/app/src/main/java/com/notepay/ui/component/ShimmerTransactionItem.kt:73:43 Unresolved 
reference 'circle'.
e: file:///D:/Ghichuchitieu/app/src/main/java/com/notepay/ui/component/ShimmerTransactionItem.kt:93:51 Unresolved 
reference 'corner8'.
e: file:///D:/Ghichuchitieu/app/src/main/java/com/notepay/ui/component/ShimmerTransactionItem.kt:101:51 Unresolved 
reference 'corner8'.
e: file:///D:/Ghichuchitieu/app/src/main/java/com/notepay/ui/component/ShimmerTransactionItem.kt:110:47 Unresolved 
reference 'corner8'.
e: file:///D:/Ghichuchitieu/app/src/main/java/com/notepay/ui/component/TransactionInputComponents.kt:116:43 Unresolved 
reference 'corner8'.
e: file:///D:/Ghichuchitieu/app/src/main/java/com/notepay/ui/component/TransactionInputComponents.kt:133:47 Unresolved 
reference 'corner16'.
e: file:///D:/Ghichuchitieu/app/src/main/java/com/notepay/ui/component/TransactionInputComponents.kt:142:53 Unresolved 
reference 'corner16'.
e: file:///D:/Ghichuchitieu/app/src/main/java/com/notepay/ui/component/TransactionInputComponents.kt:184:35 Unresolved 
reference 'corner16'.
e: file:///D:/Ghichuchitieu/app/src/main/java/com/notepay/ui/component/TransactionInputComponents.kt:186:33 Unresolved 
reference 'corner16'.
e: file:///D:/Ghichuchitieu/app/src/main/java/com/notepay/ui/component/TransactionInputComponents.kt:251:35 Unresolved 
reference 'corner12'.
e: file:///D:/Ghichuchitieu/app/src/main/java/com/notepay/ui/component/TransactionInputComponents.kt:256:41 Unresolved 
reference 'corner12'.
e: file:///D:/Ghichuchitieu/app/src/main/java/com/notepay/ui/component/TransactionItem.kt:77:33 Unresolved reference 
'corner16'.
e: file:///D:/Ghichuchitieu/app/src/main/java/com/notepay/ui/component/TransactionItem.kt:100:51 Unresolved reference 
'circle'.
e: file:///D:/Ghichuchitieu/app/src/main/java/com/notepay/ui/feature/addtransaction/AddTransactionScreen.kt:253:45 
Unresolved reference 'corner16'.
e: file:///D:/Ghichuchitieu/app/src/main/java/com/notepay/ui/feature/addtransaction/AddTransactionScreen.kt:381:35 
Unresolved reference 'circle'.
e: file:///D:/Ghichuchitieu/app/src/main/java/com/notepay/ui/feature/addtransaction/AddTransactionScreen.kt:403:39 
Unresolved reference 'circle'.
e: file:///D:/Ghichuchitieu/app/src/main/java/com/notepay/ui/feature/addtransaction/AddTransactionScreen.kt:421:47 
Unresolved reference 'circle'.
e: file:///D:/Ghichuchitieu/app/src/main/java/com/notepay/ui/feature/addtransaction/CategoryPickerSheet.kt:48:36 
Argument type mismatch: actual type is 'Function4<@ParameterName(...) String, @ParameterName(...) Long, 
@ParameterName(...) String, @ParameterName(...) Boolean, Unit>', but 'Function3<@ParameterName(...) String, 
@ParameterName(...) Long, @ParameterName(...) Boolean, Unit>?' was expected.
e: file:///D:/Ghichuchitieu/app/src/main/java/com/notepay/ui/feature/addtransaction/EditTransactionScreen.kt:200:61 
Unresolved reference 'corner12'.
e: file:///D:/Ghichuchitieu/app/src/main/java/com/notepay/ui/feature/addtransaction/EditTransactionScreen.kt:205:61 
Unresolved reference 'corner12'.
e: file:///D:/Ghichuchitieu/app/src/main/java/com/notepay/ui/feature/addtransaction/WalletPickerSheet.kt:120:35 
Unresolved reference 'corner8'.
e: file:///D:/Ghichuchitieu/app/src/main/java/com/notepay/ui/feature/backup/BackupRestoreScreen.kt:21:42 Unresolved 
reference 'AppTheme'.
e: file:///D:/Ghichuchitieu/app/src/main/java/com/notepay/ui/feature/backup/BackupRestoreScreen.kt:203:33 Unresolved 
reference 'corner16'.
e: file:///D:/Ghichuchitieu/app/src/main/java/com/notepay/ui/feature/backup/BackupRestoreScreen.kt:216:76 Unresolved 
reference 'circle'.
e: file:///D:/Ghichuchitieu/app/src/main/java/com/notepay/ui/feature/billsplit/BillSplitCreateSheet.kt:160:45 
Unresolved reference 'corner16'.
e: file:///D:/Ghichuchitieu/app/src/main/java/com/notepay/ui/feature/billsplit/BillSplitCreateSheet.kt:217:45 
Unresolved reference 'corner16'.
e: file:///D:/Ghichuchitieu/app/src/main/java/com/notepay/ui/feature/billsplit/BillSplitCreateSheet.kt:252:49 
Unresolved reference 'corner16'.
e: file:///D:/Ghichuchitieu/app/src/main/java/com/notepay/ui/feature/billsplit/BillSplitCreateSheet.kt:319:45 
Unresolved reference 'corner12'.
e: file:///D:/Ghichuchitieu/app/src/main/java/com/notepay/ui/feature/billsplit/BillSplitCreateSheet.kt:386:57 
Unresolved reference 'corner12'.
e: file:///D:/Ghichuchitieu/app/src/main/java/com/notepay/ui/feature/billsplit/BillSplitCreateSheet.kt:508:33 
Unresolved reference 'corner16'.
e: file:///D:/Ghichuchitieu/app/src/main/java/com/notepay/ui/feature/billsplit/BillSplitCreateSheet.kt:526:51 
Unresolved reference 'circle'.
e: file:///D:/Ghichuchitieu/app/src/main/java/com/notepay/ui/feature/billsplit/BillSplitCreateSheet.kt:564:41 
Unresolved reference 'corner12'.
e: file:///D:/Ghichuchitieu/app/src/main/java/com/notepay/ui/feature/billsplit/BillSplitScreen.kt:130:51 Unresolved 
reference 'corner8'.
e: file:///D:/Ghichuchitieu/app/src/main/java/com/notepay/ui/feature/billsplit/BillSplitScreen.kt:191:106 Unresolved 
reference 'circle'.
e: file:///D:/Ghichuchitieu/app/src/main/java/com/notepay/ui/feature/billsplit/BillSplitScreen.kt:340:33 Unresolved 
reference 'corner16'.
e: file:///D:/Ghichuchitieu/app/src/main/java/com/notepay/ui/feature/billsplit/BillSplitScreen.kt:350:102 Unresolved 
reference 'circle'.
e: file:///D:/Ghichuchitieu/app/src/main/java/com/notepay/ui/feature/billsplit/BillSplitScreen.kt:407:37 Unresolved 
reference 'corner16'.
e: file:///D:/Ghichuchitieu/app/src/main/java/com/notepay/ui/feature/billsplit/BillSplitScreen.kt:419:80 Unresolved 
reference 'circle'.
e: file:///D:/Ghichuchitieu/app/src/main/java/com/notepay/ui/feature/billsplit/BillSplitScreen.kt:466:37 Unresolved 
reference 'corner16'.
e: file:///D:/Ghichuchitieu/app/src/main/java/com/notepay/ui/feature/billsplit/BillSplitScreen.kt:476:106 Unresolved 
reference 'circle'.
e: file:///D:/Ghichuchitieu/app/src/main/java/com/notepay/ui/feature/billsplit/DebtorDetailScreen.kt:156:53 Unresolved 
reference 'corner16'.
e: file:///D:/Ghichuchitieu/app/src/main/java/com/notepay/ui/feature/billsplit/DebtorDetailScreen.kt:181:70 Unresolved 
reference 'corner12'.
e: file:///D:/Ghichuchitieu/app/src/main/java/com/notepay/ui/feature/billsplit/DebtorDetailScreen.kt:237:53 Unresolved 
reference 'corner16'.
e: file:///D:/Ghichuchitieu/app/src/main/java/com/notepay/ui/feature/billsplit/DebtorDetailScreen.kt:256:49 Unresolved 
reference 'corner20'.
e: file:///D:/Ghichuchitieu/app/src/main/java/com/notepay/ui/feature/billsplit/DebtorDetailScreen.kt:272:57 Unresolved 
reference 'corner12'.
e: file:///D:/Ghichuchitieu/app/src/main/java/com/notepay/ui/feature/billsplit/DebtorDetailScreen.kt:303:47 Unresolved 
reference 'corner16'.
e: file:///D:/Ghichuchitieu/app/src/main/java/com/notepay/ui/feature/billsplit/DebtorDetailScreen.kt:309:45 Unresolved 
reference 'corner16'.
e: file:///D:/Ghichuchitieu/app/src/main/java/com/notepay/ui/feature/billsplit/DebtorDetailScreen.kt:329:67 Unresolved 
reference 'corner8'.
e: file:///D:/Ghichuchitieu/app/src/main/java/com/notepay/ui/feature/billsplit/DebtorDetailScreen.kt:469:33 Unresolved 
reference 'corner24'.
e: file:///D:/Ghichuchitieu/app/src/main/java/com/notepay/ui/feature/billsplit/DebtorDetailScreen.kt:482:43 Unresolved 
reference 'corner16'.
e: file:///D:/Ghichuchitieu/app/src/main/java/com/notepay/ui/feature/billsplit/DebtorDetailScreen.kt:514:33 Unresolved 
reference 'corner20'.
e: file:///D:/Ghichuchitieu/app/src/main/java/com/notepay/ui/feature/billsplit/PaymentReconciliationSheet.kt:108:41 
Unresolved reference 'corner20'.
e: file:///D:/Ghichuchitieu/app/src/main/java/com/notepay/ui/feature/billsplit/PaymentReconciliationSheet.kt:136:55 
Unresolved reference 'circle'.
e: file:///D:/Ghichuchitieu/app/src/main/java/com/notepay/ui/feature/billsplit/PaymentReconciliationSheet.kt:180:55 
Unresolved reference 'circle'.
e: file:///D:/Ghichuchitieu/app/src/main/java/com/notepay/ui/feature/billsplit/PaymentReconciliationSheet.kt:221:49 
Unresolved reference 'corner16'.
e: file:///D:/Ghichuchitieu/app/src/main/java/com/notepay/ui/feature/billsplit/PaymentReconciliationSheet.kt:274:67 
Unresolved reference 'circle'.
e: file:///D:/Ghichuchitieu/app/src/main/java/com/notepay/ui/feature/billsplit/PaymentReconciliationSheet.kt:339:41 
Unresolved reference 'corner16'.
e: file:///D:/Ghichuchitieu/app/src/main/java/com/notepay/ui/feature/billsplit/VietQrConfigSheet.kt:145:43 Unresolved 
reference 'corner16'.
e: file:///D:/Ghichuchitieu/app/src/main/java/com/notepay/ui/feature/billsplit/VietQrConfigSheet.kt:157:55 Unresolved 
reference 'corner8'.
e: file:///D:/Ghichuchitieu/app/src/main/java/com/notepay/ui/feature/billsplit/VietQrConfigSheet.kt:163:55 Unresolved 
reference 'circle'.
e: file:///D:/Ghichuchitieu/app/src/main/java/com/notepay/ui/feature/billsplit/VietQrConfigSheet.kt:205:41 Unresolved 
reference 'corner16'.
e: file:///D:/Ghichuchitieu/app/src/main/java/com/notepay/ui/feature/billsplit/VietQrConfigSheet.kt:235:41 Unresolved 
reference 'corner16'.
e: file:///D:/Ghichuchitieu/app/src/main/java/com/notepay/ui/feature/billsplit/VietQrConfigSheet.kt:258:41 Unresolved 
reference 'corner16'.
e: file:///D:/Ghichuchitieu/app/src/main/java/com/notepay/ui/feature/billsplit/VietQrConfigSheet.kt:320:35 Unresolved 
reference 'corner12'.
e: file:///D:/Ghichuchitieu/app/src/main/java/com/notepay/ui/feature/billsplit/VietQrConfigSheet.kt:332:43 Unresolved 
reference 'corner8'.
e: file:///D:/Ghichuchitieu/app/src/main/java/com/notepay/ui/feature/billsplit/VietQrConfigSheet.kt:338:43 Unresolved 
reference 'circle'.
e: file:///D:/Ghichuchitieu/app/src/main/java/com/notepay/ui/feature/detail/TransactionDetailScreen.kt:190:33 
Unresolved reference 'corner12'.
e: file:///D:/Ghichuchitieu/app/src/main/java/com/notepay/ui/feature/home/HomeScreen.kt:261:49 Unresolved reference 
'corner16'.
e: file:///D:/Ghichuchitieu/app/src/main/java/com/notepay/ui/feature/home/HomeScreen.kt:306:49 Unresolved reference 
'corner16'.
e: file:///D:/Ghichuchitieu/app/src/main/java/com/notepay/ui/feature/home/HomeScreen.kt:363:53 Unresolved reference 
'corner16'.
e: file:///D:/Ghichuchitieu/app/src/main/java/com/notepay/ui/feature/home/HomeScreen.kt:461:55 Unresolved reference 
'corner12'.
e: file:///D:/Ghichuchitieu/app/src/main/java/com/notepay/ui/feature/home/HomeScreen.kt:511:55 Unresolved reference 
'corner12'.
e: file:///D:/Ghichuchitieu/app/src/main/java/com/notepay/ui/feature/home/HomeScreen.kt:643:33 Unresolved reference 
'corner24'.
e: file:///D:/Ghichuchitieu/app/src/main/java/com/notepay/ui/feature/home/NotificationSettingsScreen.kt:279:45 
Unresolved reference 'corner16'.
e: file:///D:/Ghichuchitieu/app/src/main/java/com/notepay/ui/feature/home/NotificationSettingsScreen.kt:364:45 
Unresolved reference 'corner16'.
e: file:///D:/Ghichuchitieu/app/src/main/java/com/notepay/ui/feature/home/NotificationSettingsScreen.kt:422:67 
Unresolved reference 'circle'.
e: file:///D:/Ghichuchitieu/app/src/main/java/com/notepay/ui/feature/home/NotificationSettingsScreen.kt:425:73 
Unresolved reference 'circle'.
e: file:///D:/Ghichuchitieu/app/src/main/java/com/notepay/ui/feature/home/NotificationSettingsScreen.kt:431:73 
Unresolved reference 'circle'.
e: file:///D:/Ghichuchitieu/app/src/main/java/com/notepay/ui/feature/home/NotificationSettingsScreen.kt:466:112 
Unresolved reference 'circle'.
e: file:///D:/Ghichuchitieu/app/src/main/java/com/notepay/ui/feature/home/NotificationSettingsScreen.kt:467:116 
Unresolved reference 'circle'.
e: file:///D:/Ghichuchitieu/app/src/main/java/com/notepay/ui/feature/home/NotificationSettingsScreen.kt:492:45 
Unresolved reference 'corner16'.
e: file:///D:/Ghichuchitieu/app/src/main/java/com/notepay/ui/feature/home/NotificationSettingsScreen.kt:536:45 
Unresolved reference 'corner16'.
e: file:///D:/Ghichuchitieu/app/src/main/java/com/notepay/ui/feature/home/NotificationSettingsScreen.kt:593:63 
Unresolved reference 'corner8'.
e: file:///D:/Ghichuchitieu/app/src/main/java/com/notepay/ui/feature/home/NotificationSettingsScreen.kt:613:75 
Unresolved reference 'corner8'.
e: file:///D:/Ghichuchitieu/app/src/main/java/com/notepay/ui/feature/home/NotificationSettingsScreen.kt:681:49 
Unresolved reference 'corner16'.
e: file:///D:/Ghichuchitieu/app/src/main/java/com/notepay/ui/feature/home/NotificationSettingsScreen.kt:870:49 
Unresolved reference 'corner16'.
e: file:///D:/Ghichuchitieu/app/src/main/java/com/notepay/ui/feature/home/NotificationSettingsScreen.kt:890:49 
Unresolved reference 'corner16'.
e: file:///D:/Ghichuchitieu/app/src/main/java/com/notepay/ui/feature/home/NotificationSettingsScreen.kt:985:55 
Unresolved reference 'circle'.
e: file:///D:/Ghichuchitieu/app/src/main/java/com/notepay/ui/feature/home/NotificationSettingsScreen.kt:987:105 
Unresolved reference 'circle'.
e: file:///D:/Ghichuchitieu/app/src/main/java/com/notepay/ui/feature/home/NotificationSettingsScreen.kt:1061:67 
Unresolved reference 'corner8'.
e: file:///D:/Ghichuchitieu/app/src/main/java/com/notepay/ui/feature/home/NotificationSettingsScreen.kt:1070:73 
Unresolved reference 'corner8'.
e: file:///D:/Ghichuchitieu/app/src/main/java/com/notepay/ui/feature/home/NotificationSettingsScreen.kt:1087:75 
Unresolved reference 'circle'.
e: file:///D:/Ghichuchitieu/app/src/main/java/com/notepay/ui/feature/list/TransactionListScreen.kt:267:45 Unresolved 
reference 'corner16'.
e: file:///D:/Ghichuchitieu/app/src/main/java/com/notepay/ui/feature/list/TransactionListScreen.kt:486:35 Unresolved 
reference 'corner24'.
e: file:///D:/Ghichuchitieu/app/src/main/java/com/notepay/ui/feature/list/TransactionListScreen.kt:513:33 Unresolved 
reference 'corner24'.
e: file:///D:/Ghichuchitieu/app/src/main/java/com/notepay/ui/feature/stats/StatsInsightsEngine.kt:78:13 No parameter 
with name 'previousMonthDailyAverage' found.
e: file:///D:/Ghichuchitieu/app/src/main/java/com/notepay/ui/feature/stats/StatsInsightsEngine.kt:79:13 No parameter 
with name 'trendPercent' found.
e: file:///D:/Ghichuchitieu/app/src/main/java/com/notepay/ui/feature/stats/StatsInsightsEngine.kt:80:13 No parameter 
with name 'trendMessage' found.
e: file:///D:/Ghichuchitieu/app/src/main/java/com/notepay/ui/feature/stats/StatsInsightsEngine.kt:146:13 No parameter 
with name 'earlyWarning' found.
e: file:///D:/Ghichuchitieu/app/src/main/java/com/notepay/ui/feature/stats/StatsScreen.kt:88:59 Unresolved reference 
'stats_empty_state'.
e: file:///D:/Ghichuchitieu/app/src/main/java/com/notepay/ui/feature/stats/StatsScreen.kt:211:41 Unresolved reference 
'corner20'.
e: file:///D:/Ghichuchitieu/app/src/main/java/com/notepay/ui/feature/stats/StatsScreen.kt:338:41 Unresolved reference 
'corner20'.
e: file:///D:/Ghichuchitieu/app/src/main/java/com/notepay/ui/feature/stats/StatsScreen.kt:420:43 Unresolved reference 
'corner12'.
e: file:///D:/Ghichuchitieu/app/src/main/java/com/notepay/ui/feature/stats/StatsScreen.kt:472:47 Unresolved reference 
'corner8'.
e: file:///D:/Ghichuchitieu/app/src/main/java/com/notepay/ui/feature/stats/StatsScreen.kt:594:33 Unresolved reference 
'corner16'.
e: file:///D:/Ghichuchitieu/app/src/main/java/com/notepay/ui/feature/stats/StatsScreen.kt:657:70 Unresolved reference 
'corner16'.
e: file:///D:/Ghichuchitieu/app/src/main/java/com/notepay/ui/feature/stats/StatsScreen.kt:695:70 Unresolved reference 
'corner20'.
e: file:///D:/Ghichuchitieu/app/src/main/java/com/notepay/ui/feature/stats/StatsScreen.kt:705:131 Unresolved reference 
'circle'.
e: file:///D:/Ghichuchitieu/app/src/main/java/com/notepay/ui/feature/stats/StatsScreen.kt:714:70 Unresolved reference 
'corner20'.
e: file:///D:/Ghichuchitieu/app/src/main/java/com/notepay/ui/feature/stats/StatsScreen.kt:731:70 Unresolved reference 
'corner20'.
e: file:///D:/Ghichuchitieu/app/src/main/java/com/notepay/ui/feature/subscription/AddSubscriptionBottomSheet.kt:163:53 
Unresolved reference 'corner12'.
e: file:///D:/Ghichuchitieu/app/src/main/java/com/notepay/ui/feature/subscription/AddSubscriptionBottomSheet.kt:223:43 
Unresolved reference 'corner12'.
e: file:///D:/Ghichuchitieu/app/src/main/java/com/notepay/ui/feature/subscription/AddSubscriptionBottomSheet.kt:253:49 
Unresolved reference 'corner16'.
e: file:///D:/Ghichuchitieu/app/src/main/java/com/notepay/ui/feature/subscription/AddSubscriptionBottomSheet.kt:255:41 
Unresolved reference 'corner16'.
e: file:///D:/Ghichuchitieu/app/src/main/java/com/notepay/ui/feature/subscription/SubscriptionScreen.kt:336:37 
Unresolved reference 'corner16'.
e: file:///D:/Ghichuchitieu/app/src/main/java/com/notepay/ui/feature/subscription/SubscriptionScreen.kt:383:49 
Unresolved reference 'corner12'.
e: file:///D:/Ghichuchitieu/app/src/main/java/com/notepay/ui/feature/subscription/SubscriptionScreen.kt:421:41 
Unresolved reference 'corner16'.
e: file:///D:/Ghichuchitieu/app/src/main/java/com/notepay/ui/feature/subscription/SubscriptionScreen.kt:641:33 
Unresolved reference 'corner16'.
e: file:///D:/Ghichuchitieu/app/src/main/java/com/notepay/ui/feature/subscription/SubscriptionScreen.kt:656:70 
Unresolved reference 'circle'.
e: file:///D:/Ghichuchitieu/app/src/main/java/com/notepay/ui/feature/utilities/UtilitiesScreen.kt:101:33 Unresolved 
reference 'corner16'.
e: file:///D:/Ghichuchitieu/app/src/main/java/com/notepay/ui/feature/utilities/UtilitiesScreen.kt:114:76 Unresolved 
reference 'circle'.
e: file:///D:/Ghichuchitieu/app/src/main/java/com/notepay/ui/feature/wallet/AddWalletScreen.kt:129:51 Unresolved 
reference 'circle'.
e: file:///D:/Ghichuchitieu/app/src/main/java/com/notepay/ui/feature/wallet/AddWalletScreen.kt:167:118 Unresolved 
reference 'corner12'.
e: file:///D:/Ghichuchitieu/app/src/main/java/com/notepay/ui/feature/wallet/AddWalletScreen.kt:181:59 Unresolved 
reference 'corner8'.
e: file:///D:/Ghichuchitieu/app/src/main/java/com/notepay/ui/feature/wallet/AddWalletScreen.kt:253:55 Unresolved 
reference 'circle'.
e: file:///D:/Ghichuchitieu/app/src/main/java/com/notepay/ui/feature/wallet/AddWalletScreen.kt:295:51 Unresolved 
reference 'circle'.
e: file:///D:/Ghichuchitieu/app/src/main/java/com/notepay/ui/feature/wallet/AddWalletScreen.kt:304:59 Unresolved 
reference 'circle'.
e: file:///D:/Ghichuchitieu/app/src/main/java/com/notepay/ui/feature/wallet/AddWalletScreen.kt:319:41 Unresolved 
reference 'corner12'.
e: file:///D:/Ghichuchitieu/app/src/main/java/com/notepay/ui/feature/wallet/AddWalletScreen.kt:363:41 Unresolved 
reference 'corner16'.
e: file:///D:/Ghichuchitieu/app/src/main/java/com/notepay/ui/navigation/NotePayNavHost.kt:570:59 Unresolved reference 
'circle'.
e: file:///D:/Ghichuchitieu/app/src/main/java/com/notepay/ui/navigation/NotePayNavHost.kt:571:51 Unresolved reference 
'circle'.
e: file:///D:/Ghichuchitieu/app/src/main/java/com/notepay/ui/navigation/NotePayNavHost.kt:692:33 Unresolved reference 
'corner16'.
e: file:///D:/Ghichuchitieu/app/src/main/java/com/notepay/ui/navigation/NotePayNavHost.kt:704:76 Unresolved reference 
'circle'.
e: file:///D:/Ghichuchitieu/app/src/main/java/com/notepay/ui/theme/AppTypography.kt:34:38 Unresolved reference 
'InterFontFamily'.
e: file:///D:/Ghichuchitieu/app/src/main/java/com/notepay/ui/theme/AppTypography.kt:35:44 Unresolved reference 
'InterFontFamily'.
e: file:///D:/Ghichuchitieu/app/src/main/java/com/notepay/ui/theme/AppTypography.kt:36:46 Unresolved reference 
'InterFontFamily'.
e: file:///D:/Ghichuchitieu/app/src/main/java/com/notepay/ui/theme/AppTypography.kt:38:39 Unresolved reference 
'InterFontFamily'.
e: file:///D:/Ghichuchitieu/app/src/main/java/com/notepay/ui/theme/AppTypography.kt:39:45 Unresolved reference 
'InterFontFamily'.
e: file:///D:/Ghichuchitieu/app/src/main/java/com/notepay/ui/theme/AppTypography.kt:40:47 Unresolved reference 
'InterFontFamily'.
e: file:///D:/Ghichuchitieu/app/src/main/java/com/notepay/ui/theme/AppTypography.kt:42:36 Unresolved reference 
'InterFontFamily'.
e: file:///D:/Ghichuchitieu/app/src/main/java/com/notepay/ui/theme/AppTypography.kt:43:42 Unresolved reference 
'InterFontFamily'.
e: file:///D:/Ghichuchitieu/app/src/main/java/com/notepay/ui/theme/AppTypography.kt:44:44 Unresolved reference 
'InterFontFamily'.
e: file:///D:/Ghichuchitieu/app/src/main/java/com/notepay/ui/theme/AppTypography.kt:46:35 Unresolved reference 
'InterFontFamily'.
e: file:///D:/Ghichuchitieu/app/src/main/java/com/notepay/ui/theme/AppTypography.kt:47:41 Unresolved reference 
'InterFontFamily'.
e: file:///D:/Ghichuchitieu/app/src/main/java/com/notepay/ui/theme/AppTypography.kt:48:43 Unresolved reference 
'InterFontFamily'.
e: file:///D:/Ghichuchitieu/app/src/main/java/com/notepay/ui/theme/AppTypography.kt:50:38 Unresolved reference 
'InterFontFamily'.
e: file:///D:/Ghichuchitieu/app/src/main/java/com/notepay/ui/theme/AppTypography.kt:51:44 Unresolved reference 
'InterFontFamily'.
e: file:///D:/Ghichuchitieu/app/src/main/java/com/notepay/ui/theme/AppTypography.kt:52:46 Unresolved reference 
'InterFontFamily'.
e: file:///D:/Ghichuchitieu/app/src/main/java/com/notepay/ui/theme/AppTypography.kt:54:24 Unresolved reference 
'NotePayNumberFontFamily'.

FAILURE: Build failed with an exception.

* What went wrong:
Execution failed for task ':app:compileDebugKotlin'.
> A failure occurred while executing 
org.jetbrains.kotlin.compilerRunner.GradleCompilerRunnerWithWorkers$GradleKotlinCompilerWorkAction
   > Compilation error. See log for more details

* Try:
> Run with --stacktrace option to get the stack trace.
> Run with --info or --debug option to get more log output.
> Run with --scan to get full insights from a Build Scan (powered by Develocity).
> Get more help at https://help.gradle.org.

BUILD FAILED in 12s
8 actionable tasks: 1 executed, 7 up-to-date
